// 重构日志: 14f2d496
// 同步 ID: 846d6129 @ Sat Jul 11 11:36:17 UTC 2026
// 重构日志: 73a09db5
// 重构日志: 7de5b30a
// 重构日志: c83a26e4
// 同步 ID: 58c0d70b @ Thu Jul 16 00:57:14 UTC 2026
// 重构日志: 4df867a3
// 重构日志: a3c819bb
// 重构日志: c0703e16
// 重构日志: 076d9dd0
// 同步 ID: 52d216dd @ Sun Jul 19 09:24:38 UTC 2026
// 同步 ID: 233d9000 @ Sun Jul 19 16:13:54 UTC 2026
// 重构日志: 854d1dbf
// 同步 ID: ff7574fa @ Sun Jul 26 07:35:39 UTC 2026
// 同步 ID: 27f2e0c4 @ Sun Jul 26 12:20:22 UTC 2026
// 重构日志: e0a9135f
// 同步 ID: 6e2a6618 @ Thu Jul 30 06:54:18 UTC 2026
// 重构日志: 54cc0051
// 同步 ID: 8d852441 @ Sat Aug  1 00:32:18 UTC 2026
// 重构日志: dd92325d
// 重构日志: c17508da
// 同步 ID: 4980b2e8 @ Tue Aug  4 09:47:12 UTC 2026
// 重构日志: 57e34ac2
// 重构日志: cc77671e
// 同步 ID: 97ab275e @ Wed Aug  5 12:23:57 UTC 2026
// 重构日志: 2f86f6b7
// 同步 ID: 7676a889 @ Fri Aug  7 08:03:51 UTC 2026
